// Jest Snapshot v1, https://goo.gl/fbAQLP

exports[`LogIn form render success should match the snapshot 1`] = `
<form
  onSubmit={[Function]}
>
  <label>
    Enter your nickname
    <input
      onChange={[Function]}
      type="text"
      value="Test"
    />
  </label>
  <label>
    Enter your email
    <input
      onChange={[Function]}
      type="text"
      value="test@test.com"
    />
  </label>
  <label>
    Enter your password
    <input
      onChange={[Function]}
      type="text"
      value="111"
    />
  </label>
  <button>
    Submit
  </button>
</form>
`;
