// Jest Snapshot v1, https://goo.gl/fbAQLP

exports[`render success should match the snapshot 1`] = `
Array [
  <div>
    <span
      className="ant-input-search ant-input-search-enter-button ant-input-search-large ant-input-group-wrapper ant-input-group-wrapper-lg"
    >
      <span
        className="ant-input-wrapper ant-input-group"
      >
        <input
          className="ant-input ant-input-lg"
          onBlur={[Function]}
          onChange={[Function]}
          onFocus={[Function]}
          onKeyDown={[Function]}
          placeholder="input search org. name"
          style={null}
          type="text"
          value=""
        />
        <span
          className="ant-input-group-addon"
        >
          <button
            className="ant-btn ant-input-search-button ant-btn-primary ant-btn-lg"
            onClick={[Function]}
            onMouseDown={[Function]}
            type="button"
          >
            <span>
              Search
            </span>
          </button>
        </span>
      </span>
    </span>
  </div>,
  <div
    className="ant-table-wrapper"
  >
    <div
      className="ant-spin-nested-loading"
    >
      <div
        className="ant-spin-container"
      >
        <div
          className="ant-table"
        >
          <div
            className="ant-table-container"
          >
            <div
              className="ant-table-content"
              onScroll={[Function]}
              style={Object {}}
            >
              <table
                style={
                  Object {
                    "tableLayout": "auto",
                  }
                }
              >
                <colgroup />
                <thead
                  className="ant-table-thead"
                >
                  <tr>
                    <th
                      className="ant-table-cell"
                      colSpan={null}
                      rowSpan={null}
                      style={Object {}}
                    >
                      avatarImg
                    </th>
                    <th
                      className="ant-table-cell"
                      colSpan={null}
                      rowSpan={null}
                      style={Object {}}
                    >
                      description
                    </th>
                    <th
                      className="ant-table-cell"
                      colSpan={null}
                      rowSpan={null}
                      style={Object {}}
                    >
                      forks
                    </th>
                    <th
                      className="ant-table-cell"
                      colSpan={null}
                      rowSpan={null}
                      style={Object {}}
                    >
                      homepage
                    </th>
                    <th
                      className="ant-table-cell"
                      colSpan={null}
                      rowSpan={null}
                      style={Object {}}
                    >
                      id
                    </th>
                    <th
                      className="ant-table-cell"
                      colSpan={null}
                      rowSpan={null}
                      style={Object {}}
                    >
                      language
                    </th>
                    <th
                      className="ant-table-cell"
                      colSpan={null}
                      rowSpan={null}
                      style={Object {}}
                    >
                      name
                    </th>
                    <th
                      className="ant-table-cell"
                      colSpan={null}
                      rowSpan={null}
                      style={Object {}}
                    >
                      owner
                    </th>
                    <th
                      className="ant-table-cell"
                      colSpan={null}
                      rowSpan={null}
                      style={Object {}}
                    >
                      type
                    </th>
                    <th
                      className="ant-table-cell"
                      colSpan={null}
                      rowSpan={null}
                      style={Object {}}
                    >
                      watchers
                    </th>
                  </tr>
                </thead>
                <tbody
                  className="ant-table-tbody"
                >
                  <tr
                    className="ant-table-row ant-table-row-level-0"
                    onClick={[Function]}
                    style={Object {}}
                  >
                    <td
                      className="ant-table-cell"
                      colSpan={null}
                      rowSpan={null}
                      style={Object {}}
                    >
                      <span
                        className="ant-avatar ant-avatar-circle ant-avatar-image"
                        style={Object {}}
                      >
                        <img
                          onError={[Function]}
                          src="http://test.com/avatar.jpeg"
                        />
                      </span>
                    </td>
                    <td
                      className="ant-table-cell"
                      colSpan={null}
                      rowSpan={null}
                      style={Object {}}
                    >
                      
                    </td>
                    <td
                      className="ant-table-cell"
                      colSpan={null}
                      rowSpan={null}
                      style={Object {}}
                    >
                      1
                    </td>
                    <td
                      className="ant-table-cell"
                      colSpan={null}
                      rowSpan={null}
                      style={Object {}}
                    >
                      http://test.com/home
                    </td>
                    <td
                      className="ant-table-cell"
                      colSpan={null}
                      rowSpan={null}
                      style={Object {}}
                    >
                      <button
                        className="ant-btn ant-btn-link"
                        onClick={[Function]}
                        type="button"
                      >
                        1
                      </button>
                    </td>
                    <td
                      className="ant-table-cell"
                      colSpan={null}
                      rowSpan={null}
                      style={Object {}}
                    >
                      <span
                        className="ant-tag ant-tag-geekblue"
                        style={
                          Object {
                            "backgroundColor": undefined,
                          }
                        }
                      >
                        javascript
                      </span>
                    </td>
                    <td
                      className="ant-table-cell"
                      colSpan={null}
                      rowSpan={null}
                      style={Object {}}
                    >
                      ReactJS Todo list
                    </td>
                    <td
                      className="ant-table-cell"
                      colSpan={null}
                      rowSpan={null}
                      style={Object {}}
                    >
                      <span
                        className="ant-tag ant-tag-geekblue"
                        style={
                          Object {
                            "backgroundColor": undefined,
                          }
                        }
                      >
                        Monster corp
                      </span>
                    </td>
                    <td
                      className="ant-table-cell"
                      colSpan={null}
                      rowSpan={null}
                      style={Object {}}
                    >
                      
                    </td>
                    <td
                      className="ant-table-cell"
                      colSpan={null}
                      rowSpan={null}
                      style={Object {}}
                    >
                      5
                    </td>
                  </tr>
                  <tr
                    className="ant-table-row ant-table-row-level-0"
                    onClick={[Function]}
                    style={Object {}}
                  >
                    <td
                      className="ant-table-cell"
                      colSpan={null}
                      rowSpan={null}
                      style={Object {}}
                    >
                      <span
                        className="ant-avatar ant-avatar-circle ant-avatar-image"
                        style={Object {}}
                      >
                        <img
                          onError={[Function]}
                          src="http://test.com/avatar.jpeg"
                        />
                      </span>
                    </td>
                    <td
                      className="ant-table-cell"
                      colSpan={null}
                      rowSpan={null}
                      style={Object {}}
                    >
                      
                    </td>
                    <td
                      className="ant-table-cell"
                      colSpan={null}
                      rowSpan={null}
                      style={Object {}}
                    >
                      14
                    </td>
                    <td
                      className="ant-table-cell"
                      colSpan={null}
                      rowSpan={null}
                      style={Object {}}
                    >
                      http://test2.com/home
                    </td>
                    <td
                      className="ant-table-cell"
                      colSpan={null}
                      rowSpan={null}
                      style={Object {}}
                    >
                      <button
                        className="ant-btn ant-btn-link"
                        onClick={[Function]}
                        type="button"
                      >
                        1
                      </button>
                    </td>
                    <td
                      className="ant-table-cell"
                      colSpan={null}
                      rowSpan={null}
                      style={Object {}}
                    >
                      <span
                        className="ant-tag ant-tag-geekblue"
                        style={
                          Object {
                            "backgroundColor": undefined,
                          }
                        }
                      >
                        javascript
                      </span>
                    </td>
                    <td
                      className="ant-table-cell"
                      colSpan={null}
                      rowSpan={null}
                      style={Object {}}
                    >
                      ReactJS Todo list2
                    </td>
                    <td
                      className="ant-table-cell"
                      colSpan={null}
                      rowSpan={null}
                      style={Object {}}
                    >
                      <span
                        className="ant-tag ant-tag-geekblue"
                        style={
                          Object {
                            "backgroundColor": undefined,
                          }
                        }
                      >
                        Monster corp
                      </span>
                    </td>
                    <td
                      className="ant-table-cell"
                      colSpan={null}
                      rowSpan={null}
                      style={Object {}}
                    >
                      
                    </td>
                    <td
                      className="ant-table-cell"
                      colSpan={null}
                      rowSpan={null}
                      style={Object {}}
                    >
                      35
                    </td>
                  </tr>
                </tbody>
              </table>
            </div>
          </div>
        </div>
        <ul
          className="ant-pagination ant-table-pagination ant-table-pagination-right"
          style={Object {}}
          unselectable="unselectable"
        >
          <li
            aria-disabled={true}
            className="ant-pagination-prev ant-pagination-disabled"
            onClick={[Function]}
            onKeyPress={[Function]}
            tabIndex={null}
            title="Previous Page"
          >
            <a
              className="ant-pagination-item-link"
              disabled={true}
            >
              <span
                aria-label="left"
                className="anticon anticon-left"
                role="img"
              >
                <svg
                  aria-hidden="true"
                  className=""
                  data-icon="left"
                  fill="currentColor"
                  focusable="false"
                  height="1em"
                  viewBox="64 64 896 896"
                  width="1em"
                >
                  <path
                    d="M724 218.3V141c0-6.7-7.7-10.4-12.9-6.3L260.3 486.8a31.86 31.86 0 000 50.3l450.8 352.1c5.3 4.1 12.9.4 12.9-6.3v-77.3c0-4.9-2.3-9.6-6.1-12.6l-360-281 360-281.1c3.8-3 6.1-7.7 6.1-12.6z"
                  />
                </svg>
              </span>
            </a>
          </li>
          <li
            className="ant-pagination-item ant-pagination-item-1 ant-pagination-item-active"
            onClick={[Function]}
            onKeyPress={[Function]}
            tabIndex="0"
            title={1}
          >
            <a>
              1
            </a>
          </li>
          <li
            aria-disabled={true}
            className="ant-pagination-next ant-pagination-disabled"
            onClick={[Function]}
            onKeyPress={[Function]}
            tabIndex={null}
            title="Next Page"
          >
            <a
              className="ant-pagination-item-link"
              disabled={true}
            >
              <span
                aria-label="right"
                className="anticon anticon-right"
                role="img"
              >
                <svg
                  aria-hidden="true"
                  className=""
                  data-icon="right"
                  fill="currentColor"
                  focusable="false"
                  height="1em"
                  viewBox="64 64 896 896"
                  width="1em"
                >
                  <path
                    d="M765.7 486.8L314.9 134.7A7.97 7.97 0 00302 141v77.3c0 4.9 2.3 9.6 6.1 12.6l360 281.1-360 281.1c-3.9 3-6.1 7.7-6.1 12.6V883c0 6.7 7.7 10.4 12.9 6.3l450.8-352.1a31.96 31.96 0 000-50.4z"
                  />
                </svg>
              </span>
            </a>
          </li>
        </ul>
      </div>
    </div>
  </div>,
]
`;
