// Jest Snapshot v1, https://goo.gl/fbAQLP

exports[`SimpleCard snapshot 1`] = `
<div>
  <div
    className="ant-card ant-card-bordered"
    style={
      Object {
        "width": 300,
      }
    }
  >
    <div
      className="ant-card-head"
      style={Object {}}
    >
      <div
        className="ant-card-head-wrapper"
      >
        <div
          className="ant-card-head-title"
        >
          Default size card
        </div>
        <div
          className="ant-card-extra"
        >
          <a
            href="#"
          >
            More
          </a>
        </div>
      </div>
    </div>
    <div
      className="ant-card-body"
      style={Object {}}
    >
      <p>
        Card content
      </p>
      <p>
        Card content
      </p>
      <p>
        Card content
      </p>
    </div>
  </div>
</div>
`;
